:
:0
:0000
:00000000
:0000010023
:1064
1111:1111
:1234
1234:1234
:12345
:1234admin
1500:and 2000 Series"
1502:1502
:166816
:266344
266344:266344
2Wire:
:3477
:3ascotel
3comcso:RIP000
:4getme2
:8111
:9999
acc:acc
:access
adfexc:adfexc
adm:
:admin
admin:
Admin:
admin:0
admin:0000
admin:1111
admin:123
admin:1234
admin:123456
admin:2222
admin:22222
admin2:changeme
admin:admin
Admin:admin
admin:admin123
admin:adslolitec
admin:AitbISP4eCiG
admin:articon
admin:asante
admin:Ascend
admin:asd
admin:atlantis
admin:barricadei
admin:bintec
admin:cableroot
admin:changeme
admin:cisco
admin:comcomcom
admin:conexant
admin:default
admin:diamond
admin:epicrouter
admin:extendnet
admin:hagpolm1
admin:hello
admin:hp.com
admin:ironport
admin:isee
Administrator:
Administrator:3ware
Administrator:admin
ADMINISTRATOR:ADMINISTRATOR
administrator:changeme
Administrator:changeme
Administrator:ganteng
Administrator:letmein
Administrator:password
Administrator:pilou
Administrator:smcadmin
admin:kont2004
admin:linga
admin:michelangelo
admin:microbusiness
admin:MiniAP
admin:motorola
admin:mu
admin:my_DEMARC
admin:netadmin
admin:NetCache
admin:noway
admin:OCS
admin:operator
admin:password
admin:p-assword
admin:Protector
admin:pwp
admin:radius
admin:rmnetlm
admin:root
admin:secure
admin:setup
admin:smallbusiness
adminstat:OCS
admin:superuser
admin:switch
admin:synnet
admin:sysAdmin
admin:system
:adminttd
adminttd:adminttd
adminuser:OCS
adminview:OCS
admin:visual
admin:w2402
admin:xad$|#12
admin:zoomadsl
ADMN:admn
:adtran
:ADTRAN
ADVMAIL:HP
ADVMAIL:HPOFFICE DATA
ami:
:anonymous
anonymous:any@
anonymous:Exabyte
apc:apc
:ascend
at4400:at4400
:atc123
:backdoor
bbsd-client:changeme2
bbsd-client:NULL
bciim:bciimpw
bcim:bcimpw
bcms:bcmspw
bcnas:pcnaspw
blue:bluepw
:BRIDGE
browse:browsepw
browse:looker
cablecom:router
cablemodem:robotics
cac_admin:cacadmin
:cascade
cas:cascade
ccrusr:ccrusr
cellit:cellit
cgadmin:cgadmin
:cisco
:_Cisco
cisco:cisco
Cisco:Cisco
client:client
cmaker:cmaker
:Col2ogro2
comcast:1234
:connect
corecess:corecess
craft:
craft:craft
craft:craftpw
craft:crftpw
CSG:SESAME
cusadmin:highspeed
cust:custpw
customer:
customer:none
dadmin:dadmin01
davox:davox
debug:d.e.b.u.g
debug:synnet
:default
deskalt:password
deskman:changeme
desknorm:password
deskres:password
device:device
dhs3mt:dhs3mt
dhs3pms:dhs3pms
diag:danger
diag:switch
disttech:4tas
D-Link:D-Link
draytek:1234
DTA:TJM
e250:e250changeme
e500:e500changeme
echo:echo
enable:
eng:engineer
enquiry:enquirypw
:enter
:epicrouter
FIELD:HPONLY
FIELD:HPP187 SYS
FIELD:HPWORLD PUB
FIELD:LOTUS
FIELD:MANAGER
FIELD:MGR
FIELD:SERVICE
field:support
FIELD:SUPPORT
:Fireport
FORCE:
ftp_admi:kilo1987
ftp_inst:pbxk1064
ftp_nmc:tuxalize
ftp_oper:help1954
GEN1:gen1
GEN2:gen2
GlobalAdmin:GlobalAdmin
guest:
Guest:
guest:guest
halt:tlah
HELLO:FIELD.SUPPORT
HELLO:MANAGER.SYS
HELLO:MGR.SYS
HELLO:OP.OPERATOR
:help
:Helpdesk
helpdesk:OCS
:hs7mwxkk
hsa:hsadb
hscroot:abc123
HTTP:HTTP
hydrasna:
inads:indspw
init:initpw
installer:installer
install:llatsni
install:secret
:Intel
intel:intel
intermec:intermec1QTPS
IntraStack:Asante
IntraSwitch:Asante
jagadmin:
:jannie
JDE:JDE
kermit:kermit
l2:l2
l3:l3
:laflaf
:lantronix
:letmein
locate:locatepw
login:0
login:1111
login:8429
login:access
login:admin
login:password
lp:lp
LUCENT01:UI-PSWD-01
LUCENT02:UI-PSWD-02
m1122:m1122
mac:
MAIL:HPOFFICE
MAIL:MAIL
MAIL:MPE
MAIL:REMOTE
MAIL:TELESUP
maint:maint
maint:maintpw
maint:ntacdmax
maint:rwmaint
manager:admin
manager:change_on_install
MANAGER:COGNOS
manager:friend
Manager:friend
MANAGER:HPOFFICE
MANAGER:ITF3000
manager:manager
Manager:Manager
MANAGER:SECURITY
manager:sys
MANAGER:SYS
MANAGER:TCH
MANAGER:TELESUP
manuf:xxyyzz
:Master
MDaemon:MServer
mediator:mediator
:medion
MGR:CAROLIAN
MGR:CCC
MGR:CNAS
MGR:COGNOS
MGR:CONV
MGR:HPDESK
MGR:HPOFFICE
MGR:HPONLY
MGR:HPP187
MGR:HPP189
MGR:HPP196
MGR:INTX3
MGR:ITF3000
MGR:NETBASE
MGR:REGO
MGR:RJE
MGR:ROBELLE
MGR:SECURITY
MGR:SYS
MGR:TELESUP
MGR:VESOFT
MGR:WORD
MGR:XLSERVER
MICRO:RSX
:MiniAP
mlusr:mlusr
monitor:monitor
mtch:mtch
mtcl:
mtcl:mtcl
naadmin:naadmin
NAU:NAU
:netadmin
netangr:attack
:NetICs
netman:
netman:netman
NETOP:
netopia:netopia
netscreen:netscreen
NETWORK:NETWORK
NICONEX:NICONEX
nms:nmspw
operator:
operator:$chwarzepumpe
OPERATOR:COGNOS
OPERATOR:DISC
operator:operator
OPERATOR:SUPPORT
OPERATOR:SYS
OPERATOR:SYSTEM
op:op
op:operator
:password
:PASSWORD
patrol:patrol
PBX:PBX
PCUSER:SYS
:pento
PFCUser:240653C9467E45
piranha:piranha
piranha:q
pmd:
poll:tech
Polycom:Splp
:Posterie
:private
PRODDTA:PRODDTA
PSEAdmin:$secure$
:public
public:
public:public
:R1QTPS
radware:radware
:raidzone
rapport:r@p8p0r+
rcust:rcustpw
readonly:lucenttech2
readwrite:lucenttech1
recovery:recovery
replicator:replicator
RMUser1:password
!root:
root:
root:1234
root:12345
root:3ep5w2u
root:admin
root:admin_1
root:alpine
root:ascend
root:attack
root:blender
root:calvin
root:changeme
root:Cisco
root:cms500
root:davox
root:default
root:fivranne
root:letacla
root:Mau'dib
root:pass
root:permit
root:root
root:ROOT500
root:tini
root:tslinux
root:wyse
ro:ro
router:router
RSBCMON:SYS
rwa:rwa
rw:rw
sa:
scmadmin:scmchangeme
:secret
:secure
security:security
service:smile
setup:changeme
setup:setup
:sitecom
:SKY_FOX
:smcadmin
smc:smcadmin
:SMDR
:snmp-Trap
spcl:0
:speedxess
SPOOLMAN:HPOFFICE
:star
storwatch:specialist
:Super
:SUPER
super:5777364
superadmin:secret
superman:21241036
superman:talent
super:super
super.super:
super.super:master
super:surt
superuser:
superuser:123456
superuser:admin
supervisor:PlsChgMe!
supervisor:supervisor
support:h179350
support:support
support:supportpw
su:super
Sweex:Mysweex
:Symbol
sysadm:anicust
sysadmin:password
sysadmin:sysadmin
sysadm:PASS
sysadm:sysadm
SYSADM:sysadm
SYSDBA:masterkey
:system
:SYSTEM
system:change_on_install
system/manager:sys/change_on_install
system:password
system:sys
sys:uplink
:TANDBERG
target:password
teacher:password
tech:ANYCOM
tech:field
tech:ILMI
tech:tech
telco:telco
telecom:telecom
tellabs:tellabs#1
temp1:password
:TENmanUFactOryPOWER
test:test
tiara:tiaranet
tiger:tiger123
:tivonpw
TMAR#HWMT8007079:
topicalt:password
topicnorm:password
topicres:password
user:
User:
USERID:PASSW0RD
user:pass
user:password
User:Password
user:public
user:tivonpw
user:user
vcr:NetVCR
VNC:winterm
volition:volition
vt100:public
VTech:VTech
webadmin:webadmin
websecadm:changeme
:Wireless
WP:HPOFFICE
wradmin:trancell
write:private
xbox:xbox
:xdfk9874t3
xd:xd
ZXDSL:ZXDSL
